2026-09-25 22:03:24,065 - INFO - Before constant Technique X_train columns and shape : Index(['age', 'sex', 'cp', 'trestbps', 'chol', 'fbs', 'restecg', 'thalach',
       'exang', 'oldpeak', 'slope', 'ca', 'thal'],
      dtype='str') : (242, 13)
2026-09-25 22:03:24,065 - INFO - Before constant Technique X_test columns and shape : Index(['age', 'sex', 'cp', 'trestbps', 'chol', 'fbs', 'restecg', 'thalach',
       'exang', 'oldpeak', 'slope', 'ca', 'thal'],
      dtype='str') : (61, 13)
2026-09-25 22:03:24,067 - INFO - Columns to remove : Index([], dtype='str')
2026-09-25 22:03:24,068 - INFO - After constant Technique X_train columns and shape : Index(['age', 'sex', 'cp', 'trestbps', 'chol', 'fbs', 'restecg', 'thalach',
       'exang', 'oldpeak', 'slope', 'ca', 'thal'],
      dtype='str') : (242, 13)
2026-09-25 22:03:24,068 - INFO - After constant Technique X_test columns and shape : Index(['age', 'sex', 'cp', 'trestbps', 'chol', 'fbs', 'restecg', 'thalach',
       'exang', 'oldpeak', 'slope', 'ca', 'thal'],
      dtype='str') : (61, 13)
2026-09-25 22:03:24,069 - INFO - Columns to remove : Index([], dtype='str')
2026-09-25 22:03:24,069 - INFO - After Quasi constant Technique X_train columns and shape : Index(['age', 'sex', 'cp', 'trestbps', 'chol', 'fbs', 'restecg', 'thalach',
       'exang', 'oldpeak', 'slope', 'ca', 'thal'],
      dtype='str') : (242, 13)
2026-09-25 22:03:24,069 - INFO - After Quasi constant Technique X_test columns and shape : Index(['age', 'sex', 'cp', 'trestbps', 'chol', 'fbs', 'restecg', 'thalach',
       'exang', 'oldpeak', 'slope', 'ca', 'thal'],
      dtype='str') : (61, 13)
2026-09-25 22:03:24,069 - INFO - After Hypothesis Technique X_train columns and shape : Index(['age', 'sex', 'cp', 'trestbps', 'chol', 'fbs', 'restecg', 'thalach',
       'exang', 'oldpeak', 'slope', 'ca', 'thal'],
      dtype='str') : (242, 13)
2026-09-25 22:03:24,070 - INFO - After Hypothesis Technique X_test columns and shape : Index(['age', 'sex', 'cp', 'trestbps', 'chol', 'fbs', 'restecg', 'thalach',
       'exang', 'oldpeak', 'slope', 'ca', 'thal'],
      dtype='str') : (61, 13)
