2026-09-25 22:03:23,760 - INFO - The Number of rows and columns was :(303, 14)
2026-09-25 22:03:23,764 - INFO - Null values in the values: age         0
sex         0
cp          0
trestbps    0
chol        0
fbs         0
restecg     0
thalach     0
exang       0
oldpeak     0
slope       0
ca          0
thal        0
target      0
dtype: int64
2026-09-25 22:03:23,770 - INFO - Training dataset size : 
 (242, 13)  => (242,)
2026-09-25 22:03:23,771 - INFO - Testing dataset size : 
 (61, 13) => (61,)
2026-09-25 22:03:23,774 - INFO - Numerical X_train columns : Index(['age', 'sex', 'cp', 'trestbps', 'chol', 'fbs', 'restecg', 'thalach',
       'exang', 'oldpeak', 'slope', 'ca', 'thal'],
      dtype='str')
2026-09-25 22:03:23,774 - INFO - Numerical X_test columns : Index(['age', 'sex', 'cp', 'trestbps', 'chol', 'fbs', 'restecg', 'thalach',
       'exang', 'oldpeak', 'slope', 'ca', 'thal'],
      dtype='str')
2026-09-25 22:03:24,070 - INFO - Final Training Data : (242, 13)
2026-09-25 22:03:24,070 - INFO - Final Testing Data : (61, 13)
2026-09-25 22:03:24,070 - INFO - Final Training Data Columns : Index(['age', 'sex', 'cp', 'trestbps', 'chol', 'fbs', 'restecg', 'thalach',
       'exang', 'oldpeak', 'slope', 'ca', 'thal'],
      dtype='str')
